../Core/Src/stm32f7xx_it.c:82:6:NMI_Handler	4	static
../Core/Src/stm32f7xx_it.c:97:6:HardFault_Handler	4	static
../Core/Src/stm32f7xx_it.c:112:6:MemManage_Handler	4	static
../Core/Src/stm32f7xx_it.c:127:6:BusFault_Handler	4	static
../Core/Src/stm32f7xx_it.c:142:6:UsageFault_Handler	4	static
../Core/Src/stm32f7xx_it.c:157:6:DebugMon_Handler	4	static
../Core/Src/stm32f7xx_it.c:177:6:USART3_IRQHandler	8	static
../Core/Src/stm32f7xx_it.c:191:6:TIM8_TRG_COM_TIM14_IRQHandler	8	static
../Core/Src/stm32f7xx_it.c:210:6:cubemx_transport_open	24	static
../Core/Src/stm32f7xx_it.c:216:6:cubemx_transport_close	24	static
../Core/Src/stm32f7xx_it.c:222:8:cubemx_transport_write	32	static
../Core/Src/stm32f7xx_it.c:238:8:cubemx_transport_read	32	static
../Core/Src/stm32f7xx_it.c:249:6:HAL_UART_RxCpltCallback	16	static
